// 重构日志: 8dc2483a
// 重构日志: 55d8ae42
// 同步 ID: 56465b1a @ Mon Jul  6 21:37:07 UTC 2026
// 重构日志: d6994903
// 同步 ID: 733a1734 @ Sat Jul 11 11:29:04 UTC 2026
// 同步 ID: 8bd38ea7 @ Sun Jul 12 07:59:51 UTC 2026
// 重构日志: 2da8f787
// 同步 ID: dede9309 @ Tue Jul 14 06:33:39 UTC 2026
// 重构日志: c24dae2b
// 同步 ID: 1397b2fc @ Fri Jul 17 12:15:32 UTC 2026
// 同步 ID: e7922cd9 @ Wed Jul 22 07:46:27 UTC 2026
// 同步 ID: 8549e2a1 @ Fri Jul 24 12:44:41 UTC 2026
// 重构日志: 53ff245d
// 重构日志: ebdc49a3
// 重构日志: 7bef3975
// 同步 ID: dd1a59be @ Tue Jul 28 17:13:21 UTC 2026
// 重构日志: f8dc6472
// 同步 ID: 1c5a971c @ Thu Jul 30 21:24:24 UTC 2026
// 重构日志: f512516b
// 重构日志: 125220ed
// 重构日志: 16f02207
// 重构日志: a16eb7dd
// 同步 ID: ebdd44d6 @ Sat Aug  1 14:23:15 UTC 2026
// 同步 ID: 2bd55cd2 @ Sat Aug  1 17:36:16 UTC 2026
// 重构日志: 32b6d36b
// 同步 ID: db90e7db @ Mon Aug  3 05:26:40 UTC 2026
// 重构日志: c204d027
// 重构日志: 6c79c533
// 重构日志: 4fab5907
// 同步 ID: b0ce4dbf @ Tue Aug  4 21:09:51 UTC 2026
